

================================================================
== Vitis HLS Report for 'dense_array_ap_fixed_8u_array_ap_fixed_16_6_5_3_0_32u_config9_s'
================================================================
* Date:           Tue Mar  3 13:37:11 2026

* Version:        2023.1 (Build 3854077 on May  4 2023)
* Project:        myproject_prj
* Solution:       solution1 (Vivado IP Flow Target)
* Product family: artix7
* Target device:  xc7a200t-fbg676-2


================================================================
== Performance Estimates
================================================================
+ Timing: 
    * Summary: 
    +--------+----------+----------+------------+
    |  Clock |  Target  | Estimated| Uncertainty|
    +--------+----------+----------+------------+
    |ap_clk  |  10.00 ns|  6.399 ns|     1.25 ns|
    +--------+----------+----------+------------+

+ Latency: 
    * Summary: 
    +---------+---------+----------+----------+-----+-----+---------+
    |  Latency (cycles) |  Latency (absolute) |  Interval | Pipeline|
    |   min   |   max   |    min   |    max   | min | max |   Type  |
    +---------+---------+----------+----------+-----+-----+---------+
    |       43|       43|  0.430 us|  0.430 us|   43|   43|       no|
    +---------+---------+----------+----------+-----+-----+---------+

    + Detail: 
        * Instance: 
        +------------------------------------------------------------------------------------+------------------------------------------------------------------------+---------+---------+-----------+-----------+-----+-----+---------+
        |                                                                                    |                                                                        |  Latency (cycles) |   Latency (absolute)  |  Interval | Pipeline|
        |                                      Instance                                      |                                 Module                                 |   min   |   max   |    min    |    max    | min | max |   Type  |
        +------------------------------------------------------------------------------------+------------------------------------------------------------------------+---------+---------+-----------+-----------+-----+-----+---------+
        |grp_dense_array_array_ap_fixed_16_6_5_3_0_32u_config9_Pipeline_DataPrepare_fu_1021  |dense_array_array_ap_fixed_16_6_5_3_0_32u_config9_Pipeline_DataPrepare  |        6|        6|  60.000 ns|  60.000 ns|    6|    6|       no|
        +------------------------------------------------------------------------------------+------------------------------------------------------------------------+---------+---------+-----------+-----------+-----+-----+---------+

        * Loop: 
        +-------------+---------+---------+----------+-----------+-----------+------+----------+
        |             |  Latency (cycles) | Iteration|  Initiation Interval  | Trip |          |
        |  Loop Name  |   min   |   max   |  Latency |  achieved |   target  | Count| Pipelined|
        +-------------+---------+---------+----------+-----------+-----------+------+----------+
        |- ReuseLoop  |       33|       33|         3|          1|          1|    32|       yes|
        +-------------+---------+---------+----------+-----------+-----------+------+----------+



================================================================
== Utilization Estimates
================================================================
* Summary: 
+-----------------+---------+-----+--------+--------+-----+
|       Name      | BRAM_18K| DSP |   FF   |   LUT  | URAM|
+-----------------+---------+-----+--------+--------+-----+
|DSP              |        -|    -|       -|       -|    -|
|Expression       |        -|    -|       0|     636|    -|
|FIFO             |        -|    -|       -|       -|    -|
|Instance         |        -|   32|     520|     410|    -|
|Memory           |       16|    -|       0|       0|    -|
|Multiplexer      |        -|    -|       -|     358|    -|
|Register         |        -|    -|    1557|       -|    -|
+-----------------+---------+-----+--------+--------+-----+
|Total            |       16|   32|    2077|    1404|    0|
+-----------------+---------+-----+--------+--------+-----+
|Available        |      730|  740|  269200|  134600|    0|
+-----------------+---------+-----+--------+--------+-----+
|Utilization (%)  |        2|    4|      ~0|       1|    0|
+-----------------+---------+-----+--------+--------+-----+

+ Detail: 
    * Instance: 
    +------------------------------------------------------------------------------------+------------------------------------------------------------------------+---------+----+-----+-----+-----+
    |                                      Instance                                      |                                 Module                                 | BRAM_18K| DSP|  FF | LUT | URAM|
    +------------------------------------------------------------------------------------+------------------------------------------------------------------------+---------+----+-----+-----+-----+
    |grp_dense_array_array_ap_fixed_16_6_5_3_0_32u_config9_Pipeline_DataPrepare_fu_1021  |dense_array_array_ap_fixed_16_6_5_3_0_32u_config9_Pipeline_DataPrepare  |        0|   0|  520|   73|    0|
    |mul_16s_7s_19_1_1_U207                                                              |mul_16s_7s_19_1_1                                                       |        0|   1|    0|    6|    0|
    |mul_16s_7s_19_1_1_U208                                                              |mul_16s_7s_19_1_1                                                       |        0|   1|    0|    6|    0|
    |mul_16s_7s_19_1_1_U209                                                              |mul_16s_7s_19_1_1                                                       |        0|   1|    0|    6|    0|
    |mul_16s_7s_19_1_1_U210                                                              |mul_16s_7s_19_1_1                                                       |        0|   1|    0|    6|    0|
    |mul_16s_7s_19_1_1_U211                                                              |mul_16s_7s_19_1_1                                                       |        0|   1|    0|    6|    0|
    |mul_16s_7s_19_1_1_U212                                                              |mul_16s_7s_19_1_1                                                       |        0|   1|    0|    6|    0|
    |mul_16s_7s_19_1_1_U213                                                              |mul_16s_7s_19_1_1                                                       |        0|   1|    0|    6|    0|
    |mul_16s_7s_19_1_1_U214                                                              |mul_16s_7s_19_1_1                                                       |        0|   1|    0|    6|    0|
    |mul_16s_7s_19_1_1_U215                                                              |mul_16s_7s_19_1_1                                                       |        0|   1|    0|    6|    0|
    |mul_16s_7s_19_1_1_U216                                                              |mul_16s_7s_19_1_1                                                       |        0|   1|    0|    6|    0|
    |mul_16s_7s_19_1_1_U217                                                              |mul_16s_7s_19_1_1                                                       |        0|   1|    0|    6|    0|
    |mul_16s_7s_19_1_1_U218                                                              |mul_16s_7s_19_1_1                                                       |        0|   1|    0|    6|    0|
    |mul_16s_7s_19_1_1_U219                                                              |mul_16s_7s_19_1_1                                                       |        0|   1|    0|    6|    0|
    |mul_16s_7s_19_1_1_U220                                                              |mul_16s_7s_19_1_1                                                       |        0|   1|    0|    6|    0|
    |mul_16s_7s_19_1_1_U221                                                              |mul_16s_7s_19_1_1                                                       |        0|   1|    0|    6|    0|
    |mul_16s_7s_19_1_1_U222                                                              |mul_16s_7s_19_1_1                                                       |        0|   1|    0|    6|    0|
    |mul_16s_7s_19_1_1_U223                                                              |mul_16s_7s_19_1_1                                                       |        0|   1|    0|    6|    0|
    |mul_16s_7s_19_1_1_U224                                                              |mul_16s_7s_19_1_1                                                       |        0|   1|    0|    6|    0|
    |mul_16s_7s_19_1_1_U225                                                              |mul_16s_7s_19_1_1                                                       |        0|   1|    0|    6|    0|
    |mul_16s_7s_19_1_1_U226                                                              |mul_16s_7s_19_1_1                                                       |        0|   1|    0|    6|    0|
    |mul_16s_7s_19_1_1_U227                                                              |mul_16s_7s_19_1_1                                                       |        0|   1|    0|    6|    0|
    |mul_16s_7s_19_1_1_U228                                                              |mul_16s_7s_19_1_1                                                       |        0|   1|    0|    6|    0|
    |mul_16s_7s_19_1_1_U229                                                              |mul_16s_7s_19_1_1                                                       |        0|   1|    0|    6|    0|
    |mul_16s_7s_19_1_1_U230                                                              |mul_16s_7s_19_1_1                                                       |        0|   1|    0|    6|    0|
    |mul_16s_7s_19_1_1_U231                                                              |mul_16s_7s_19_1_1                                                       |        0|   1|    0|    6|    0|
    |mul_16s_7s_19_1_1_U232                                                              |mul_16s_7s_19_1_1                                                       |        0|   1|    0|    6|    0|
    |mul_16s_7s_19_1_1_U233                                                              |mul_16s_7s_19_1_1                                                       |        0|   1|    0|    6|    0|
    |mul_16s_7s_19_1_1_U234                                                              |mul_16s_7s_19_1_1                                                       |        0|   1|    0|    6|    0|
    |mul_16s_7s_19_1_1_U235                                                              |mul_16s_7s_19_1_1                                                       |        0|   1|    0|    6|    0|
    |mul_16s_7s_19_1_1_U236                                                              |mul_16s_7s_19_1_1                                                       |        0|   1|    0|    6|    0|
    |mul_16s_7s_19_1_1_U237                                                              |mul_16s_7s_19_1_1                                                       |        0|   1|    0|    6|    0|
    |mul_16s_7s_19_1_1_U238                                                              |mul_16s_7s_19_1_1                                                       |        0|   1|    0|    6|    0|
    |mux_32_5_16_1_1_U206                                                                |mux_32_5_16_1_1                                                         |        0|   0|    0|  145|    0|
    +------------------------------------------------------------------------------------+------------------------------------------------------------------------+---------+----+-----+-----+-----+
    |Total                                                                               |                                                                        |        0|  32|  520|  410|    0|
    +------------------------------------------------------------------------------------+------------------------------------------------------------------------+---------+----+-----+-----+-----+

    * DSP: 
    N/A

    * Memory: 
    +-------+--------------------------------------------------------------------------------+---------+---+----+-----+------+-----+------+-------------+
    | Memory|                                     Module                                     | BRAM_18K| FF| LUT| URAM| Words| Bits| Banks| W*Bits*Banks|
    +-------+--------------------------------------------------------------------------------+---------+---+----+-----+------+-----+------+-------------+
    |w9_U   |dense_array_ap_fixed_8u_array_ap_fixed_16_6_5_3_0_32u_config9_s_w9_ROM_AUTO_1R  |       16|  0|   0|    0|  1024|    7|     1|         7168|
    +-------+--------------------------------------------------------------------------------+---------+---+----+-----+------+-----+------+-------------+
    |Total  |                                                                                |       16|  0|   0|    0|  1024|    7|     1|         7168|
    +-------+--------------------------------------------------------------------------------+---------+---+----+-----+------+-----+------+-------------+

    * FIFO: 
    N/A

    * Expression: 
    +------------------------+----------+----+---+----+------------+------------+
    |      Variable Name     | Operation| DSP| FF| LUT| Bitwidth P0| Bitwidth P1|
    +------------------------+----------+----+---+----+------------+------------+
    |add_ln53_35_fu_1604_p2  |         +|   0|  0|  19|          12|          12|
    |add_ln53_36_fu_1629_p2  |         +|   0|  0|  19|          12|          12|
    |add_ln53_37_fu_1654_p2  |         +|   0|  0|  19|          12|          12|
    |add_ln53_38_fu_1679_p2  |         +|   0|  0|  19|          12|          12|
    |add_ln53_39_fu_1704_p2  |         +|   0|  0|  19|          12|          12|
    |add_ln53_40_fu_1729_p2  |         +|   0|  0|  19|          12|          12|
    |add_ln53_41_fu_1754_p2  |         +|   0|  0|  19|          12|          12|
    |add_ln53_42_fu_1779_p2  |         +|   0|  0|  19|          12|          12|
    |add_ln53_43_fu_1804_p2  |         +|   0|  0|  19|          12|          12|
    |add_ln53_44_fu_1829_p2  |         +|   0|  0|  19|          12|          12|
    |add_ln53_45_fu_1854_p2  |         +|   0|  0|  19|          12|          12|
    |add_ln53_46_fu_1879_p2  |         +|   0|  0|  19|          12|          12|
    |add_ln53_47_fu_1904_p2  |         +|   0|  0|  19|          12|          12|
    |add_ln53_48_fu_1929_p2  |         +|   0|  0|  19|          12|          12|
    |add_ln53_49_fu_1954_p2  |         +|   0|  0|  19|          12|          12|
    |add_ln53_50_fu_1979_p2  |         +|   0|  0|  19|          12|          12|
    |add_ln53_51_fu_2004_p2  |         +|   0|  0|  19|          12|          12|
    |add_ln53_52_fu_2029_p2  |         +|   0|  0|  19|          12|          12|
    |add_ln53_53_fu_2054_p2  |         +|   0|  0|  19|          12|          12|
    |add_ln53_54_fu_2079_p2  |         +|   0|  0|  19|          12|          12|
    |add_ln53_55_fu_2104_p2  |         +|   0|  0|  19|          12|          12|
    |add_ln53_56_fu_2129_p2  |         +|   0|  0|  19|          12|          12|
    |add_ln53_57_fu_2154_p2  |         +|   0|  0|  19|          12|          12|
    |add_ln53_58_fu_2179_p2  |         +|   0|  0|  19|          12|          12|
    |add_ln53_59_fu_2204_p2  |         +|   0|  0|  19|          12|          12|
    |add_ln53_60_fu_2229_p2  |         +|   0|  0|  19|          12|          12|
    |add_ln53_61_fu_2254_p2  |         +|   0|  0|  19|          12|          12|
    |add_ln53_62_fu_2279_p2  |         +|   0|  0|  19|          12|          12|
    |add_ln53_63_fu_2304_p2  |         +|   0|  0|  19|          12|          12|
    |add_ln53_64_fu_2329_p2  |         +|   0|  0|  19|          12|          12|
    |add_ln53_65_fu_2354_p2  |         +|   0|  0|  19|          12|          12|
    |add_ln53_fu_1579_p2     |         +|   0|  0|  19|          12|          12|
    |in_index_fu_1545_p2     |         +|   0|  0|  13|           5|           1|
    |icmp_ln42_fu_1551_p2    |      icmp|   0|  0|  13|           5|           2|
    |ap_enable_pp0           |       xor|   0|  0|   2|           1|           2|
    +------------------------+----------+----+---+----+------------+------------+
    |Total                   |          |   0|  0| 636|         395|         389|
    +------------------------+----------+----+---+----+------------+------------+

    * Multiplexer: 
    +--------------------------------------+----+-----------+-----+-----------+
    |                 Name                 | LUT| Input Size| Bits| Total Bits|
    +--------------------------------------+----+-----------+-----+-----------+
    |ap_NS_fsm                             |  25|          6|    1|          6|
    |ap_enable_reg_pp0_iter2               |   9|          2|    1|          2|
    |ap_phi_mux_in_index189_phi_fu_662_p4  |   9|          2|    5|         10|
    |empty_100_reg_856                     |   9|          2|   12|         24|
    |empty_101_reg_867                     |   9|          2|   12|         24|
    |empty_102_reg_878                     |   9|          2|   12|         24|
    |empty_103_reg_889                     |   9|          2|   12|         24|
    |empty_104_reg_900                     |   9|          2|   12|         24|
    |empty_105_reg_911                     |   9|          2|   12|         24|
    |empty_106_reg_922                     |   9|          2|   12|         24|
    |empty_107_reg_933                     |   9|          2|   12|         24|
    |empty_108_reg_944                     |   9|          2|   12|         24|
    |empty_109_reg_955                     |   9|          2|   12|         24|
    |empty_110_reg_966                     |   9|          2|   12|         24|
    |empty_111_reg_977                     |   9|          2|   12|         24|
    |empty_112_reg_988                     |   9|          2|   12|         24|
    |empty_113_reg_999                     |   9|          2|   12|         24|
    |empty_114_reg_1010                    |   9|          2|   12|         24|
    |empty_83_reg_669                      |   9|          2|   12|         24|
    |empty_84_reg_680                      |   9|          2|   12|         24|
    |empty_85_reg_691                      |   9|          2|   12|         24|
    |empty_86_reg_702                      |   9|          2|   12|         24|
    |empty_87_reg_713                      |   9|          2|   12|         24|
    |empty_88_reg_724                      |   9|          2|   12|         24|
    |empty_89_reg_735                      |   9|          2|   12|         24|
    |empty_90_reg_746                      |   9|          2|   12|         24|
    |empty_91_reg_757                      |   9|          2|   12|         24|
    |empty_92_reg_768                      |   9|          2|   12|         24|
    |empty_93_reg_779                      |   9|          2|   12|         24|
    |empty_94_reg_790                      |   9|          2|   12|         24|
    |empty_95_reg_801                      |   9|          2|   12|         24|
    |empty_96_reg_812                      |   9|          2|   12|         24|
    |empty_97_reg_823                      |   9|          2|   12|         24|
    |empty_98_reg_834                      |   9|          2|   12|         24|
    |empty_99_reg_845                      |   9|          2|   12|         24|
    |in_index189_reg_658                   |   9|          2|    5|         10|
    |layer7_out_read                       |   9|          2|    1|          2|
    |layer9_out_blk_n                      |   9|          2|    1|          2|
    +--------------------------------------+----+-----------+-----+-----------+
    |Total                                 | 358|         80|  398|        800|
    +--------------------------------------+----+-----------+-----+-----------+

    * Register: 
    +-------------------------------------------------------------------------------------------------+----+----+-----+-----------+
    |                                               Name                                              | FF | LUT| Bits| Const Bits|
    +-------------------------------------------------------------------------------------------------+----+----+-----+-----------+
    |a_reg_3127                                                                                       |  16|   0|   16|          0|
    |a_reg_3127_pp0_iter1_reg                                                                         |  16|   0|   16|          0|
    |add_ln53_35_reg_3467                                                                             |  12|   0|   12|          0|
    |add_ln53_36_reg_3473                                                                             |  12|   0|   12|          0|
    |add_ln53_37_reg_3479                                                                             |  12|   0|   12|          0|
    |add_ln53_38_reg_3485                                                                             |  12|   0|   12|          0|
    |add_ln53_39_reg_3491                                                                             |  12|   0|   12|          0|
    |add_ln53_40_reg_3497                                                                             |  12|   0|   12|          0|
    |add_ln53_41_reg_3503                                                                             |  12|   0|   12|          0|
    |add_ln53_42_reg_3509                                                                             |  12|   0|   12|          0|
    |add_ln53_43_reg_3515                                                                             |  12|   0|   12|          0|
    |add_ln53_44_reg_3521                                                                             |  12|   0|   12|          0|
    |add_ln53_45_reg_3527                                                                             |  12|   0|   12|          0|
    |add_ln53_46_reg_3533                                                                             |  12|   0|   12|          0|
    |add_ln53_47_reg_3539                                                                             |  12|   0|   12|          0|
    |add_ln53_48_reg_3545                                                                             |  12|   0|   12|          0|
    |add_ln53_49_reg_3551                                                                             |  12|   0|   12|          0|
    |add_ln53_50_reg_3557                                                                             |  12|   0|   12|          0|
    |add_ln53_51_reg_3563                                                                             |  12|   0|   12|          0|
    |add_ln53_52_reg_3569                                                                             |  12|   0|   12|          0|
    |add_ln53_53_reg_3575                                                                             |  12|   0|   12|          0|
    |add_ln53_54_reg_3581                                                                             |  12|   0|   12|          0|
    |add_ln53_55_reg_3587                                                                             |  12|   0|   12|          0|
    |add_ln53_56_reg_3593                                                                             |  12|   0|   12|          0|
    |add_ln53_57_reg_3599                                                                             |  12|   0|   12|          0|
    |add_ln53_58_reg_3605                                                                             |  12|   0|   12|          0|
    |add_ln53_59_reg_3611                                                                             |  12|   0|   12|          0|
    |add_ln53_60_reg_3617                                                                             |  12|   0|   12|          0|
    |add_ln53_61_reg_3623                                                                             |  12|   0|   12|          0|
    |add_ln53_62_reg_3629                                                                             |  12|   0|   12|          0|
    |add_ln53_63_reg_3635                                                                             |  12|   0|   12|          0|
    |add_ln53_64_reg_3641                                                                             |  12|   0|   12|          0|
    |add_ln53_65_reg_3647                                                                             |  12|   0|   12|          0|
    |add_ln53_reg_3461                                                                                |  12|   0|   12|          0|
    |ap_CS_fsm                                                                                        |   5|   0|    5|          0|
    |ap_enable_reg_pp0_iter0                                                                          |   1|   0|    1|          0|
    |ap_enable_reg_pp0_iter1                                                                          |   1|   0|    1|          0|
    |ap_enable_reg_pp0_iter2                                                                          |   1|   0|    1|          0|
    |empty_100_reg_856                                                                                |  12|   0|   12|          0|
    |empty_101_reg_867                                                                                |  12|   0|   12|          0|
    |empty_102_reg_878                                                                                |  12|   0|   12|          0|
    |empty_103_reg_889                                                                                |  12|   0|   12|          0|
    |empty_104_reg_900                                                                                |  12|   0|   12|          0|
    |empty_105_reg_911                                                                                |  12|   0|   12|          0|
    |empty_106_reg_922                                                                                |  12|   0|   12|          0|
    |empty_107_reg_933                                                                                |  12|   0|   12|          0|
    |empty_108_reg_944                                                                                |  12|   0|   12|          0|
    |empty_109_reg_955                                                                                |  12|   0|   12|          0|
    |empty_110_reg_966                                                                                |  12|   0|   12|          0|
    |empty_111_reg_977                                                                                |  12|   0|   12|          0|
    |empty_112_reg_988                                                                                |  12|   0|   12|          0|
    |empty_113_reg_999                                                                                |  12|   0|   12|          0|
    |empty_114_reg_1010                                                                               |  12|   0|   12|          0|
    |empty_83_reg_669                                                                                 |  12|   0|   12|          0|
    |empty_84_reg_680                                                                                 |  12|   0|   12|          0|
    |empty_85_reg_691                                                                                 |  12|   0|   12|          0|
    |empty_86_reg_702                                                                                 |  12|   0|   12|          0|
    |empty_87_reg_713                                                                                 |  12|   0|   12|          0|
    |empty_88_reg_724                                                                                 |  12|   0|   12|          0|
    |empty_89_reg_735                                                                                 |  12|   0|   12|          0|
    |empty_90_reg_746                                                                                 |  12|   0|   12|          0|
    |empty_91_reg_757                                                                                 |  12|   0|   12|          0|
    |empty_92_reg_768                                                                                 |  12|   0|   12|          0|
    |empty_93_reg_779                                                                                 |  12|   0|   12|          0|
    |empty_94_reg_790                                                                                 |  12|   0|   12|          0|
    |empty_95_reg_801                                                                                 |  12|   0|   12|          0|
    |empty_96_reg_812                                                                                 |  12|   0|   12|          0|
    |empty_97_reg_823                                                                                 |  12|   0|   12|          0|
    |empty_98_reg_834                                                                                 |  12|   0|   12|          0|
    |empty_99_reg_845                                                                                 |  12|   0|   12|          0|
    |grp_dense_array_array_ap_fixed_16_6_5_3_0_32u_config9_Pipeline_DataPrepare_fu_1021_ap_start_reg  |   1|   0|    1|          0|
    |icmp_ln42_reg_3297                                                                               |   1|   0|    1|          0|
    |icmp_ln42_reg_3297_pp0_iter1_reg                                                                 |   1|   0|    1|          0|
    |in_index189_reg_658                                                                              |   5|   0|    5|          0|
    |in_index_reg_3292                                                                                |   5|   0|    5|          0|
    |p_0_0_0_0_017_loc_load_reg_3082                                                                  |  16|   0|   16|          0|
    |p_0_0_0_0_01_loc_load_reg_3122                                                                   |  16|   0|   16|          0|
    |p_0_0_0_0_033_loc_load_reg_3042                                                                  |  16|   0|   16|          0|
    |p_0_0_0_0_049_loc_load_reg_3002                                                                  |  16|   0|   16|          0|
    |p_0_1_0_0_019_loc_load_reg_3077                                                                  |  16|   0|   16|          0|
    |p_0_1_0_0_035_loc_load_reg_3037                                                                  |  16|   0|   16|          0|
    |p_0_1_0_0_03_loc_load_reg_3117                                                                   |  16|   0|   16|          0|
    |p_0_1_0_0_051_loc_load_reg_2997                                                                  |  16|   0|   16|          0|
    |p_0_2_0_0_021_loc_load_reg_3072                                                                  |  16|   0|   16|          0|
    |p_0_2_0_0_037_loc_load_reg_3032                                                                  |  16|   0|   16|          0|
    |p_0_2_0_0_053_loc_load_reg_2992                                                                  |  16|   0|   16|          0|
    |p_0_2_0_0_05_loc_load_reg_3112                                                                   |  16|   0|   16|          0|
    |p_0_3_0_0_023_loc_load_reg_3067                                                                  |  16|   0|   16|          0|
    |p_0_3_0_0_039_loc_load_reg_3027                                                                  |  16|   0|   16|          0|
    |p_0_3_0_0_055_loc_load_reg_2987                                                                  |  16|   0|   16|          0|
    |p_0_3_0_0_07_loc_load_reg_3107                                                                   |  16|   0|   16|          0|
    |p_0_4_0_0_025_loc_load_reg_3062                                                                  |  16|   0|   16|          0|
    |p_0_4_0_0_041_loc_load_reg_3022                                                                  |  16|   0|   16|          0|
    |p_0_4_0_0_057_loc_load_reg_2982                                                                  |  16|   0|   16|          0|
    |p_0_4_0_0_09_loc_load_reg_3102                                                                   |  16|   0|   16|          0|
    |p_0_5_0_0_011_loc_load_reg_3097                                                                  |  16|   0|   16|          0|
    |p_0_5_0_0_027_loc_load_reg_3057                                                                  |  16|   0|   16|          0|
    |p_0_5_0_0_043_loc_load_reg_3017                                                                  |  16|   0|   16|          0|
    |p_0_5_0_0_059_loc_load_reg_2977                                                                  |  16|   0|   16|          0|
    |p_0_6_0_0_013_loc_load_reg_3092                                                                  |  16|   0|   16|          0|
    |p_0_6_0_0_029_loc_load_reg_3052                                                                  |  16|   0|   16|          0|
    |p_0_6_0_0_045_loc_load_reg_3012                                                                  |  16|   0|   16|          0|
    |p_0_6_0_0_061_loc_load_reg_2972                                                                  |  16|   0|   16|          0|
    |p_0_7_0_0_015_loc_load_reg_3087                                                                  |  16|   0|   16|          0|
    |p_0_7_0_0_031_loc_load_reg_3047                                                                  |  16|   0|   16|          0|
    |p_0_7_0_0_047_loc_load_reg_3007                                                                  |  16|   0|   16|          0|
    |p_0_7_0_0_063_loc_load_reg_2967                                                                  |  16|   0|   16|          0|
    |w_35_reg_3306                                                                                    |   7|   0|    7|          0|
    |w_36_reg_3311                                                                                    |   7|   0|    7|          0|
    |w_37_reg_3316                                                                                    |   7|   0|    7|          0|
    |w_38_reg_3321                                                                                    |   7|   0|    7|          0|
    |w_39_reg_3326                                                                                    |   7|   0|    7|          0|
    |w_40_reg_3331                                                                                    |   7|   0|    7|          0|
    |w_41_reg_3336                                                                                    |   7|   0|    7|          0|
    |w_42_reg_3341                                                                                    |   7|   0|    7|          0|
    |w_43_reg_3346                                                                                    |   7|   0|    7|          0|
    |w_44_reg_3351                                                                                    |   7|   0|    7|          0|
    |w_45_reg_3356                                                                                    |   7|   0|    7|          0|
    |w_46_reg_3361                                                                                    |   7|   0|    7|          0|
    |w_47_reg_3366                                                                                    |   7|   0|    7|          0|
    |w_48_reg_3371                                                                                    |   7|   0|    7|          0|
    |w_49_reg_3376                                                                                    |   7|   0|    7|          0|
    |w_50_reg_3381                                                                                    |   7|   0|    7|          0|
    |w_51_reg_3386                                                                                    |   7|   0|    7|          0|
    |w_52_reg_3391                                                                                    |   7|   0|    7|          0|
    |w_53_reg_3396                                                                                    |   7|   0|    7|          0|
    |w_54_reg_3401                                                                                    |   7|   0|    7|          0|
    |w_55_reg_3406                                                                                    |   7|   0|    7|          0|
    |w_56_reg_3411                                                                                    |   7|   0|    7|          0|
    |w_57_reg_3416                                                                                    |   7|   0|    7|          0|
    |w_58_reg_3421                                                                                    |   7|   0|    7|          0|
    |w_59_reg_3426                                                                                    |   7|   0|    7|          0|
    |w_60_reg_3431                                                                                    |   7|   0|    7|          0|
    |w_61_reg_3436                                                                                    |   7|   0|    7|          0|
    |w_62_reg_3441                                                                                    |   7|   0|    7|          0|
    |w_63_reg_3446                                                                                    |   7|   0|    7|          0|
    |w_64_reg_3451                                                                                    |   7|   0|    7|          0|
    |w_65_reg_3456                                                                                    |   7|   0|    7|          0|
    |w_reg_3301                                                                                       |   7|   0|    7|          0|
    +-------------------------------------------------------------------------------------------------+----+----+-----+-----------+
    |Total                                                                                            |1557|   0| 1557|          0|
    +-------------------------------------------------------------------------------------------------+----+----+-----+-----------+



================================================================
== Interface
================================================================
* Summary: 
+--------------------+-----+-----+------------+-------------------------------------------------------------------+--------------+
|      RTL Ports     | Dir | Bits|  Protocol  |                           Source Object                           |    C Type    |
+--------------------+-----+-----+------------+-------------------------------------------------------------------+--------------+
|ap_clk              |   in|    1|  ap_ctrl_hs|  dense<array<ap_fixed,8u>,array<ap_fixed<16,6,5,3,0>,32u>,config9>|  return value|
|ap_rst              |   in|    1|  ap_ctrl_hs|  dense<array<ap_fixed,8u>,array<ap_fixed<16,6,5,3,0>,32u>,config9>|  return value|
|ap_start            |   in|    1|  ap_ctrl_hs|  dense<array<ap_fixed,8u>,array<ap_fixed<16,6,5,3,0>,32u>,config9>|  return value|
|ap_done             |  out|    1|  ap_ctrl_hs|  dense<array<ap_fixed,8u>,array<ap_fixed<16,6,5,3,0>,32u>,config9>|  return value|
|ap_idle             |  out|    1|  ap_ctrl_hs|  dense<array<ap_fixed,8u>,array<ap_fixed<16,6,5,3,0>,32u>,config9>|  return value|
|ap_ready            |  out|    1|  ap_ctrl_hs|  dense<array<ap_fixed,8u>,array<ap_fixed<16,6,5,3,0>,32u>,config9>|  return value|
|layer7_out_dout     |   in|  128|     ap_fifo|                                                         layer7_out|       pointer|
|layer7_out_empty_n  |   in|    1|     ap_fifo|                                                         layer7_out|       pointer|
|layer7_out_read     |  out|    1|     ap_fifo|                                                         layer7_out|       pointer|
|layer9_out_din      |  out|  512|     ap_fifo|                                                         layer9_out|       pointer|
|layer9_out_full_n   |   in|    1|     ap_fifo|                                                         layer9_out|       pointer|
|layer9_out_write    |  out|    1|     ap_fifo|                                                         layer9_out|       pointer|
+--------------------+-----+-----+------------+-------------------------------------------------------------------+--------------+

