

================================================================
== Vitis HLS Report for 'relu_array_ap_fixed_8u_array_ap_fixed_16_6_5_3_0_8u_relu_config6_s'
================================================================
* Date:           Tue Mar  3 13:37:08 2026

* Version:        2023.1 (Build 3854077 on May  4 2023)
* Project:        myproject_prj
* Solution:       solution1 (Vivado IP Flow Target)
* Product family: artix7
* Target device:  xc7a200t-fbg676-2


================================================================
== Performance Estimates
================================================================
+ Timing: 
    * Summary: 
    +--------+----------+----------+------------+
    |  Clock |  Target  | Estimated| Uncertainty|
    +--------+----------+----------+------------+
    |ap_clk  |  10.00 ns|  6.135 ns|     1.25 ns|
    +--------+----------+----------+------------+

+ Latency: 
    * Summary: 
    +---------+---------+----------+----------+-----+-----+---------+
    |  Latency (cycles) |  Latency (absolute) |  Interval | Pipeline|
    |   min   |   max   |    min   |    max   | min | max |   Type  |
    +---------+---------+----------+----------+-----+-----+---------+
    |       19|       19|  0.190 us|  0.190 us|   19|   19|       no|
    +---------+---------+----------+----------+-----+-----+---------+

    + Detail: 
        * Instance: 
        N/A

        * Loop: 
        +---------------+---------+---------+----------+-----------+-----------+------+----------+
        |               |  Latency (cycles) | Iteration|  Initiation Interval  | Trip |          |
        |   Loop Name   |   min   |   max   |  Latency |  achieved |   target  | Count| Pipelined|
        +---------------+---------+---------+----------+-----------+-----------+------+----------+
        |- ReLUActLoop  |       17|       17|         3|          1|          1|    16|       yes|
        +---------------+---------+---------+----------+-----------+-----------+------+----------+



================================================================
== Utilization Estimates
================================================================
* Summary: 
+-----------------+---------+-----+--------+--------+-----+
|       Name      | BRAM_18K| DSP |   FF   |   LUT  | URAM|
+-----------------+---------+-----+--------+--------+-----+
|DSP              |        -|    -|       -|       -|    -|
|Expression       |        -|    -|       0|     335|    -|
|FIFO             |        -|    -|       -|       -|    -|
|Instance         |        -|    -|       -|       -|    -|
|Memory           |        -|    -|       -|       -|    -|
|Multiplexer      |        -|    -|       -|      54|    -|
|Register         |        -|    -|     130|       -|    -|
+-----------------+---------+-----+--------+--------+-----+
|Total            |        0|    0|     130|     389|    0|
+-----------------+---------+-----+--------+--------+-----+
|Available        |      730|  740|  269200|  134600|    0|
+-----------------+---------+-----+--------+--------+-----+
|Utilization (%)  |        0|    0|      ~0|      ~0|    0|
+-----------------+---------+-----+--------+--------+-----+

+ Detail: 
    * Instance: 
    N/A

    * DSP: 
    N/A

    * Memory: 
    N/A

    * FIFO: 
    N/A

    * Expression: 
    +---------------------------+----------+----+---+----+------------+------------+
    |       Variable Name       | Operation| DSP| FF| LUT| Bitwidth P0| Bitwidth P1|
    +---------------------------+----------+----+---+----+------------+------------+
    |i_2_fu_119_p2              |         +|   0|  0|  13|           5|           1|
    |icmp_ln41_fu_113_p2        |      icmp|   0|  0|  14|           5|           6|
    |icmp_ln51_1_fu_292_p2      |      icmp|   0|  0|  23|          16|           1|
    |icmp_ln51_2_fu_306_p2      |      icmp|   0|  0|  23|          16|           1|
    |icmp_ln51_3_fu_320_p2      |      icmp|   0|  0|  23|          16|           1|
    |icmp_ln51_4_fu_334_p2      |      icmp|   0|  0|  23|          16|           1|
    |icmp_ln51_5_fu_348_p2      |      icmp|   0|  0|  23|          16|           1|
    |icmp_ln51_6_fu_362_p2      |      icmp|   0|  0|  23|          16|           1|
    |icmp_ln51_7_fu_376_p2      |      icmp|   0|  0|  23|          16|           1|
    |icmp_ln51_fu_278_p2        |      icmp|   0|  0|  23|          16|           1|
    |ap_block_pp0_stage0_01001  |        or|   0|  0|   2|           1|           1|
    |out_data_1_fu_284_p3       |    select|   0|  0|  15|           1|          15|
    |out_data_3_fu_298_p3       |    select|   0|  0|  15|           1|          15|
    |out_data_5_fu_312_p3       |    select|   0|  0|  15|           1|          15|
    |out_data_7_fu_326_p3       |    select|   0|  0|  15|           1|          15|
    |select_ln51_1_fu_354_p3    |    select|   0|  0|  15|           1|          15|
    |select_ln51_2_fu_368_p3    |    select|   0|  0|  15|           1|          15|
    |select_ln51_3_fu_382_p3    |    select|   0|  0|  15|           1|          15|
    |select_ln51_fu_340_p3      |    select|   0|  0|  15|           1|          15|
    |ap_enable_pp0              |       xor|   0|  0|   2|           1|           2|
    +---------------------------+----------+----+---+----+------------+------------+
    |Total                      |          |   0|  0| 335|         148|         138|
    +---------------------------+----------+----+---+----+------------+------------+

    * Multiplexer: 
    +-------------------------+----+-----------+-----+-----------+
    |           Name          | LUT| Input Size| Bits| Total Bits|
    +-------------------------+----+-----------+-----+-----------+
    |ap_done_int              |   9|          2|    1|          2|
    |ap_enable_reg_pp0_iter1  |   9|          2|    1|          2|
    |ap_sig_allocacmp_i_1     |   9|          2|    5|         10|
    |i_fu_88                  |   9|          2|    5|         10|
    |layer5_out_blk_n         |   9|          2|    1|          2|
    |layer6_out_blk_n         |   9|          2|    1|          2|
    +-------------------------+----+-----------+-----+-----------+
    |Total                    |  54|         12|   14|         28|
    +-------------------------+----+-----------+-----+-----------+

    * Register: 
    +----------------------------------+----+----+-----+-----------+
    |               Name               | FF | LUT| Bits| Const Bits|
    +----------------------------------+----+----+-----+-----------+
    |ap_CS_fsm                         |   1|   0|    1|          0|
    |ap_done_reg                       |   1|   0|    1|          0|
    |ap_enable_reg_pp0_iter1           |   1|   0|    1|          0|
    |ap_enable_reg_pp0_iter2           |   1|   0|    1|          0|
    |ap_loop_exit_ready_pp0_iter1_reg  |   1|   0|    1|          0|
    |i_fu_88                           |   5|   0|    5|          0|
    |out_data_1_reg_446                |  15|   0|   15|          0|
    |out_data_3_reg_451                |  15|   0|   15|          0|
    |out_data_5_reg_456                |  15|   0|   15|          0|
    |out_data_7_reg_461                |  15|   0|   15|          0|
    |select_ln51_1_reg_471             |  15|   0|   15|          0|
    |select_ln51_2_reg_476             |  15|   0|   15|          0|
    |select_ln51_3_reg_481             |  15|   0|   15|          0|
    |select_ln51_reg_466               |  15|   0|   15|          0|
    +----------------------------------+----+----+-----+-----------+
    |Total                             | 130|   0|  130|          0|
    +----------------------------------+----+----+-----+-----------+



================================================================
== Interface
================================================================
* Summary: 
+--------------------+-----+-----+------------+----------------------------------------------------------------------+--------------+
|      RTL Ports     | Dir | Bits|  Protocol  |                             Source Object                            |    C Type    |
+--------------------+-----+-----+------------+----------------------------------------------------------------------+--------------+
|ap_clk              |   in|    1|  ap_ctrl_hs|  relu<array<ap_fixed,8u>,array<ap_fixed<16,6,5,3,0>,8u>,relu_config6>|  return value|
|ap_rst              |   in|    1|  ap_ctrl_hs|  relu<array<ap_fixed,8u>,array<ap_fixed<16,6,5,3,0>,8u>,relu_config6>|  return value|
|ap_start            |   in|    1|  ap_ctrl_hs|  relu<array<ap_fixed,8u>,array<ap_fixed<16,6,5,3,0>,8u>,relu_config6>|  return value|
|ap_done             |  out|    1|  ap_ctrl_hs|  relu<array<ap_fixed,8u>,array<ap_fixed<16,6,5,3,0>,8u>,relu_config6>|  return value|
|ap_idle             |  out|    1|  ap_ctrl_hs|  relu<array<ap_fixed,8u>,array<ap_fixed<16,6,5,3,0>,8u>,relu_config6>|  return value|
|ap_ready            |  out|    1|  ap_ctrl_hs|  relu<array<ap_fixed,8u>,array<ap_fixed<16,6,5,3,0>,8u>,relu_config6>|  return value|
|layer5_out_dout     |   in|  128|     ap_fifo|                                                            layer5_out|       pointer|
|layer5_out_empty_n  |   in|    1|     ap_fifo|                                                            layer5_out|       pointer|
|layer5_out_read     |  out|    1|     ap_fifo|                                                            layer5_out|       pointer|
|layer6_out_din      |  out|  128|     ap_fifo|                                                            layer6_out|       pointer|
|layer6_out_full_n   |   in|    1|     ap_fifo|                                                            layer6_out|       pointer|
|layer6_out_write    |  out|    1|     ap_fifo|                                                            layer6_out|       pointer|
+--------------------+-----+-----+------------+----------------------------------------------------------------------+--------------+

