

================================================================
== Vitis HLS Report for 'softmax_stable_array_array_ap_fixed_16_6_5_3_0_10u_softmax_config12_s'
================================================================
* Date:           Tue Mar  3 13:37:13 2026

* Version:        2023.1 (Build 3854077 on May  4 2023)
* Project:        myproject_prj
* Solution:       solution1 (Vivado IP Flow Target)
* Product family: artix7
* Target device:  xc7a200t-fbg676-2


================================================================
== Performance Estimates
================================================================
+ Timing: 
    * Summary: 
    +--------+----------+----------+------------+
    |  Clock |  Target  | Estimated| Uncertainty|
    +--------+----------+----------+------------+
    |ap_clk  |  10.00 ns|  8.712 ns|     1.25 ns|
    +--------+----------+----------+------------+

+ Latency: 
    * Summary: 
    +---------+---------+----------+----------+-----+-----+---------+
    |  Latency (cycles) |  Latency (absolute) |  Interval | Pipeline|
    |   min   |   max   |    min   |    max   | min | max |   Type  |
    +---------+---------+----------+----------+-----+-----+---------+
    |       16|       16|  0.160 us|  0.160 us|   16|   16|       no|
    +---------+---------+----------+----------+-----+-----+---------+

    + Detail: 
        * Instance: 
        N/A

        * Loop: 
        N/A



================================================================
== Utilization Estimates
================================================================
* Summary: 
+-----------------+---------+-----+--------+--------+-----+
|       Name      | BRAM_18K| DSP |   FF   |   LUT  | URAM|
+-----------------+---------+-----+--------+--------+-----+
|DSP              |        -|    -|       -|       -|    -|
|Expression       |        -|    -|       0|    1625|    -|
|FIFO             |        -|    -|       -|       -|    -|
|Instance         |        -|    1|       0|       6|    -|
|Memory           |        5|    -|       0|       0|    -|
|Multiplexer      |        -|    -|       -|     188|    -|
|Register         |        -|    -|     606|       -|    -|
+-----------------+---------+-----+--------+--------+-----+
|Total            |        5|    1|     606|    1819|    0|
+-----------------+---------+-----+--------+--------+-----+
|Available        |      730|  740|  269200|  134600|    0|
+-----------------+---------+-----+--------+--------+-----+
|Utilization (%)  |       ~0|   ~0|      ~0|       1|    0|
+-----------------+---------+-----+--------+--------+-----+

+ Detail: 
    * Instance: 
    +--------------------------+---------------------+---------+----+---+----+-----+
    |         Instance         |        Module       | BRAM_18K| DSP| FF| LUT| URAM|
    +--------------------------+---------------------+---------+----+---+----+-----+
    |mul_18s_17ns_26_1_1_U272  |mul_18s_17ns_26_1_1  |        0|   1|  0|   6|    0|
    +--------------------------+---------------------+---------+----+---+----+-----+
    |Total                     |                     |        0|   1|  0|   6|    0|
    +--------------------------+---------------------+---------+----+---+----+-----+

    * DSP: 
    N/A

    * Memory: 
    +----------------+----------------------------------------------------------------------------------+---------+---+----+-----+------+-----+------+-------------+
    |     Memory     |                                      Module                                      | BRAM_18K| FF| LUT| URAM| Words| Bits| Banks| W*Bits*Banks|
    +----------------+----------------------------------------------------------------------------------+---------+---+----+-----+------+-----+------+-------------+
    |exp_table_U     |softmax_stable_array_array_ap_fixed_16_6_5_3_0_10u_softmax_config12_s_exp_tabAem  |        4|  0|   0|    0|  1024|   17|     1|        17408|
    |invert_table_U  |softmax_stable_array_array_ap_fixed_16_6_5_3_0_10u_softmax_config12_s_invert_Bew  |        1|  0|   0|    0|  1024|   18|     1|        18432|
    +----------------+----------------------------------------------------------------------------------+---------+---+----+-----+------+-----+------+-------------+
    |Total           |                                                                                  |        5|  0|   0|    0|  2048|   35|     2|        35840|
    +----------------+----------------------------------------------------------------------------------+---------+---+----+-----+------+-----+------+-------------+

    * FIFO: 
    N/A

    * Expression: 
    +----------------------------+----------+----+---+----+------------+------------+
    |        Variable Name       | Operation| DSP| FF| LUT| Bitwidth P0| Bitwidth P1|
    +----------------------------+----------+----+---+----+------------+------------+
    |add_ln50_10_fu_1563_p2      |         +|   0|  0|  25|          18|          18|
    |add_ln50_11_fu_1609_p2      |         +|   0|  0|  26|          19|          19|
    |add_ln50_12_fu_1623_p2      |         +|   0|  0|  25|          18|          18|
    |add_ln50_13_fu_1745_p2      |         +|   0|  0|  24|          17|          17|
    |add_ln50_1_fu_1725_p2       |         +|   0|  0|  25|          18|          18|
    |add_ln50_2_fu_1739_p2       |         +|   0|  0|  25|          18|          18|
    |add_ln50_3_fu_1806_p2       |         +|   0|  0|  26|          19|          19|
    |add_ln50_4_fu_1820_p2       |         +|   0|  0|  25|          18|          18|
    |add_ln50_5_fu_1329_p2       |         +|   0|  0|  25|          18|          18|
    |add_ln50_6_fu_1373_p2       |         +|   0|  0|  25|          18|          18|
    |add_ln50_7_fu_1419_p2       |         +|   0|  0|  26|          19|          19|
    |add_ln50_8_fu_1433_p2       |         +|   0|  0|  25|          18|          18|
    |add_ln50_9_fu_1519_p2       |         +|   0|  0|  25|          18|          18|
    |add_ln50_fu_1711_p2         |         +|   0|  0|  26|          19|          19|
    |sub_ln215_1_fu_623_p2       |         -|   0|  0|  24|          17|          17|
    |sub_ln215_2_fu_666_p2       |         -|   0|  0|  24|          17|          17|
    |sub_ln215_3_fu_709_p2       |         -|   0|  0|  24|          17|          17|
    |sub_ln215_4_fu_752_p2       |         -|   0|  0|  24|          17|          17|
    |sub_ln215_5_fu_795_p2       |         -|   0|  0|  24|          17|          17|
    |sub_ln215_6_fu_838_p2       |         -|   0|  0|  24|          17|          17|
    |sub_ln215_7_fu_881_p2       |         -|   0|  0|  24|          17|          17|
    |sub_ln215_8_fu_924_p2       |         -|   0|  0|  24|          17|          17|
    |sub_ln215_9_fu_967_p2       |         -|   0|  0|  24|          17|          17|
    |sub_ln215_fu_580_p2         |         -|   0|  0|  24|          17|          17|
    |and_ln215_1_fu_651_p2       |       and|   0|  0|   2|           1|           1|
    |and_ln215_2_fu_694_p2       |       and|   0|  0|   2|           1|           1|
    |and_ln215_3_fu_737_p2       |       and|   0|  0|   2|           1|           1|
    |and_ln215_4_fu_780_p2       |       and|   0|  0|   2|           1|           1|
    |and_ln215_5_fu_823_p2       |       and|   0|  0|   2|           1|           1|
    |and_ln215_6_fu_866_p2       |       and|   0|  0|   2|           1|           1|
    |and_ln215_7_fu_909_p2       |       and|   0|  0|   2|           1|           1|
    |and_ln215_8_fu_952_p2       |       and|   0|  0|   2|           1|           1|
    |and_ln215_9_fu_995_p2       |       and|   0|  0|   2|           1|           1|
    |and_ln215_fu_608_p2         |       and|   0|  0|   2|           1|           1|
    |and_ln50_1_fu_1840_p2       |       and|   0|  0|   2|           1|           1|
    |and_ln50_2_fu_1852_p2       |       and|   0|  0|   2|           1|           1|
    |and_ln50_3_fu_1453_p2       |       and|   0|  0|   2|           1|           1|
    |and_ln50_4_fu_1465_p2       |       and|   0|  0|   2|           1|           1|
    |and_ln50_5_fu_1643_p2       |       and|   0|  0|   2|           1|           1|
    |and_ln50_6_fu_1655_p2       |       and|   0|  0|   2|           1|           1|
    |and_ln50_fu_1772_p2         |       and|   0|  0|   2|           1|           1|
    |icmp_ln65_1_fu_433_p2       |      icmp|   0|  0|  23|          16|          16|
    |icmp_ln65_2_fu_449_p2       |      icmp|   0|  0|  23|          16|          16|
    |icmp_ln65_3_fu_469_p2       |      icmp|   0|  0|  23|          16|          16|
    |icmp_ln65_4_fu_485_p2       |      icmp|   0|  0|  23|          16|          16|
    |icmp_ln65_5_fu_501_p2       |      icmp|   0|  0|  23|          16|          16|
    |icmp_ln65_6_fu_521_p2       |      icmp|   0|  0|  23|          16|          16|
    |icmp_ln65_7_fu_541_p2       |      icmp|   0|  0|  23|          16|          16|
    |icmp_ln65_8_fu_557_p2       |      icmp|   0|  0|  23|          16|          16|
    |icmp_ln65_fu_417_p2         |      icmp|   0|  0|  23|          16|          16|
    |ap_block_state1             |        or|   0|  0|   2|           1|           1|
    |or_ln50_1_fu_1483_p2        |        or|   0|  0|   2|           1|           1|
    |or_ln50_2_fu_1673_p2        |        or|   0|  0|   2|           1|           1|
    |or_ln50_fu_1870_p2          |        or|   0|  0|   2|           1|           1|
    |select_ln215_10_fu_1162_p3  |    select|   0|  0|  11|           1|           9|
    |select_ln215_11_fu_1180_p3  |    select|   0|  0|  10|           1|          10|
    |select_ln215_12_fu_1193_p3  |    select|   0|  0|  11|           1|           9|
    |select_ln215_13_fu_1211_p3  |    select|   0|  0|  10|           1|          10|
    |select_ln215_14_fu_1224_p3  |    select|   0|  0|  11|           1|           9|
    |select_ln215_15_fu_1242_p3  |    select|   0|  0|  10|           1|          10|
    |select_ln215_16_fu_1255_p3  |    select|   0|  0|  11|           1|           9|
    |select_ln215_17_fu_1273_p3  |    select|   0|  0|  10|           1|          10|
    |select_ln215_18_fu_1281_p3  |    select|   0|  0|  11|           1|           9|
    |select_ln215_19_fu_1299_p3  |    select|   0|  0|  10|           1|          10|
    |select_ln215_1_fu_1025_p3   |    select|   0|  0|  10|           1|          10|
    |select_ln215_2_fu_1038_p3   |    select|   0|  0|  11|           1|           9|
    |select_ln215_3_fu_1056_p3   |    select|   0|  0|  10|           1|          10|
    |select_ln215_4_fu_1069_p3   |    select|   0|  0|  11|           1|           9|
    |select_ln215_5_fu_1087_p3   |    select|   0|  0|  10|           1|          10|
    |select_ln215_6_fu_1100_p3   |    select|   0|  0|  11|           1|           9|
    |select_ln215_7_fu_1118_p3   |    select|   0|  0|  10|           1|          10|
    |select_ln215_8_fu_1131_p3   |    select|   0|  0|  11|           1|           9|
    |select_ln215_9_fu_1149_p3   |    select|   0|  0|  10|           1|          10|
    |select_ln215_fu_1007_p3     |    select|   0|  0|  11|           1|           9|
    |select_ln50_10_fu_1541_p3   |    select|   0|  0|  19|           1|          17|
    |select_ln50_11_fu_1549_p3   |    select|   0|  0|  18|           1|          18|
    |select_ln50_12_fu_1585_p3   |    select|   0|  0|  19|           1|          17|
    |select_ln50_13_fu_1593_p3   |    select|   0|  0|  18|           1|          18|
    |select_ln50_14_fu_1679_p3   |    select|   0|  0|  18|           1|          17|
    |select_ln50_15_fu_1687_p3   |    select|   0|  0|  19|           1|          19|
    |select_ln50_16_fu_1695_p3   |    select|   0|  0|  18|           1|          18|
    |select_ln50_17_fu_1886_p3   |    select|   0|  0|  10|           1|           9|
    |select_ln50_18_fu_1894_p3   |    select|   0|  0|  11|           1|          11|
    |select_ln50_19_fu_1902_p3   |    select|   0|  0|  10|           1|          10|
    |select_ln50_1_fu_1789_p3    |    select|   0|  0|  18|           1|          18|
    |select_ln50_2_fu_1759_p3    |    select|   0|  0|  17|           1|           2|
    |select_ln50_3_fu_1351_p3    |    select|   0|  0|  19|           1|          17|
    |select_ln50_4_fu_1359_p3    |    select|   0|  0|  18|           1|          18|
    |select_ln50_5_fu_1395_p3    |    select|   0|  0|  19|           1|          17|
    |select_ln50_6_fu_1403_p3    |    select|   0|  0|  18|           1|          18|
    |select_ln50_7_fu_1489_p3    |    select|   0|  0|  18|           1|          17|
    |select_ln50_8_fu_1497_p3    |    select|   0|  0|  19|           1|          19|
    |select_ln50_9_fu_1505_p3    |    select|   0|  0|  18|           1|          18|
    |select_ln50_fu_1781_p3      |    select|   0|  0|  19|           1|          17|
    |select_ln65_1_fu_443_p3     |    select|   0|  0|  16|           1|          16|
    |select_ln65_2_fu_461_p3     |    select|   0|  0|  16|           1|          16|
    |select_ln65_3_fu_479_p3     |    select|   0|  0|  16|           1|          16|
    |select_ln65_4_fu_495_p3     |    select|   0|  0|  16|           1|          16|
    |select_ln65_5_fu_513_p3     |    select|   0|  0|  16|           1|          16|
    |select_ln65_6_fu_533_p3     |    select|   0|  0|  16|           1|          16|
    |select_ln65_7_fu_551_p3     |    select|   0|  0|  16|           1|          16|
    |select_ln65_fu_427_p3       |    select|   0|  0|  16|           1|          16|
    |x_max_fu_567_p3             |    select|   0|  0|  16|           1|          16|
    |xor_ln215_10_fu_817_p2      |       xor|   0|  0|   2|           1|           2|
    |xor_ln215_11_fu_829_p2      |       xor|   0|  0|   2|           1|           1|
    |xor_ln215_12_fu_860_p2      |       xor|   0|  0|   2|           1|           2|
    |xor_ln215_13_fu_872_p2      |       xor|   0|  0|   2|           1|           1|
    |xor_ln215_14_fu_903_p2      |       xor|   0|  0|   2|           1|           2|
    |xor_ln215_15_fu_915_p2      |       xor|   0|  0|   2|           1|           1|
    |xor_ln215_16_fu_946_p2      |       xor|   0|  0|   2|           1|           2|
    |xor_ln215_17_fu_958_p2      |       xor|   0|  0|   2|           1|           1|
    |xor_ln215_18_fu_989_p2      |       xor|   0|  0|   2|           1|           2|
    |xor_ln215_19_fu_1001_p2     |       xor|   0|  0|   2|           1|           1|
    |xor_ln215_1_fu_614_p2       |       xor|   0|  0|   2|           1|           1|
    |xor_ln215_2_fu_645_p2       |       xor|   0|  0|   2|           1|           2|
    |xor_ln215_3_fu_657_p2       |       xor|   0|  0|   2|           1|           1|
    |xor_ln215_4_fu_688_p2       |       xor|   0|  0|   2|           1|           2|
    |xor_ln215_5_fu_700_p2       |       xor|   0|  0|   2|           1|           1|
    |xor_ln215_6_fu_731_p2       |       xor|   0|  0|   2|           1|           2|
    |xor_ln215_7_fu_743_p2       |       xor|   0|  0|   2|           1|           1|
    |xor_ln215_8_fu_774_p2       |       xor|   0|  0|   2|           1|           2|
    |xor_ln215_9_fu_786_p2       |       xor|   0|  0|   2|           1|           1|
    |xor_ln215_fu_602_p2         |       xor|   0|  0|   2|           1|           2|
    |xor_ln50_10_fu_1637_p2      |       xor|   0|  0|   2|           1|           2|
    |xor_ln50_11_fu_1649_p2      |       xor|   0|  0|   2|           1|           2|
    |xor_ln50_12_fu_1661_p2      |       xor|   0|  0|   2|           1|           1|
    |xor_ln50_13_fu_1667_p2      |       xor|   0|  0|   2|           1|           2|
    |xor_ln50_1_fu_1777_p2       |       xor|   0|  0|   2|           1|           1|
    |xor_ln50_2_fu_1834_p2       |       xor|   0|  0|   2|           1|           2|
    |xor_ln50_3_fu_1846_p2       |       xor|   0|  0|   2|           1|           2|
    |xor_ln50_4_fu_1858_p2       |       xor|   0|  0|   2|           1|           1|
    |xor_ln50_5_fu_1864_p2       |       xor|   0|  0|   2|           1|           2|
    |xor_ln50_6_fu_1447_p2       |       xor|   0|  0|   2|           1|           2|
    |xor_ln50_7_fu_1459_p2       |       xor|   0|  0|   2|           1|           2|
    |xor_ln50_8_fu_1471_p2       |       xor|   0|  0|   2|           1|           1|
    |xor_ln50_9_fu_1477_p2       |       xor|   0|  0|   2|           1|           2|
    |xor_ln50_fu_1767_p2         |       xor|   0|  0|   2|           1|           2|
    |xor_ln65_1_fu_437_p2        |       xor|   0|  0|   2|           1|           2|
    |xor_ln65_2_fu_455_p2        |       xor|   0|  0|   2|           1|           2|
    |xor_ln65_3_fu_473_p2        |       xor|   0|  0|   2|           1|           2|
    |xor_ln65_4_fu_489_p2        |       xor|   0|  0|   2|           1|           2|
    |xor_ln65_5_fu_507_p2        |       xor|   0|  0|   2|           1|           2|
    |xor_ln65_6_fu_527_p2        |       xor|   0|  0|   2|           1|           2|
    |xor_ln65_7_fu_545_p2        |       xor|   0|  0|   2|           1|           2|
    |xor_ln65_8_fu_561_p2        |       xor|   0|  0|   2|           1|           2|
    |xor_ln65_fu_421_p2          |       xor|   0|  0|   2|           1|           2|
    +----------------------------+----------+----+---+----+------------+------------+
    |Total                       |          |   0|  0|1625|         682|        1311|
    +----------------------------+----------+----+---+----+------------+------------+

    * Multiplexer: 
    +-------------------------+----+-----------+-----+-----------+
    |           Name          | LUT| Input Size| Bits| Total Bits|
    +-------------------------+----+-----------+-----+-----------+
    |ap_NS_fsm                |  86|         18|    1|         18|
    |exp_table_address0       |  13|          3|   10|         30|
    |exp_table_address1       |  13|          3|   10|         30|
    |grp_fu_275_p0            |  13|          3|   18|         54|
    |grp_fu_275_p1            |  45|         11|   17|        187|
    |layer11_out_blk_n        |   9|          2|    1|          2|
    |layer12_out_TDATA_blk_n  |   9|          2|    1|          2|
    +-------------------------+----+-----------+-----+-----------+
    |Total                    | 188|         42|   58|        323|
    +-------------------------+----+-----------+-----+-----------+

    * Register: 
    +--------------------------+----+----+-----+-----------+
    |           Name           | FF | LUT| Bits| Const Bits|
    +--------------------------+----+----+-----+-----------+
    |add_ln50_1_reg_2182       |  18|   0|   18|          0|
    |ap_CS_fsm                 |  17|   0|   17|          0|
    |data_array_1_reg_1983     |  16|   0|   16|          0|
    |data_array_2_reg_1990     |  16|   0|   16|          0|
    |data_array_3_reg_2018     |  16|   0|   16|          0|
    |data_array_4_reg_2025     |  16|   0|   16|          0|
    |data_array_5_reg_2032     |  16|   0|   16|          0|
    |data_array_6_reg_2039     |  16|   0|   16|          0|
    |data_array_7_reg_1997     |  16|   0|   16|          0|
    |data_array_8_reg_2004     |  16|   0|   16|          0|
    |data_array_9_reg_2011     |  16|   0|   16|          0|
    |data_array_reg_1976       |  16|   0|   16|          0|
    |exp_res_1_reg_2114        |  17|   0|   17|          0|
    |exp_res_2_reg_2120        |  17|   0|   17|          0|
    |exp_res_3_reg_2126        |  17|   0|   17|          0|
    |exp_res_4_reg_2132        |  17|   0|   17|          0|
    |exp_res_5_reg_2138        |  17|   0|   17|          0|
    |exp_res_6_reg_2144        |  17|   0|   17|          0|
    |exp_res_7_reg_2150        |  17|   0|   17|          0|
    |exp_res_8_reg_2166        |  17|   0|   17|          0|
    |exp_res_9_reg_2171        |  17|   0|   17|          0|
    |exp_res_reg_2108          |  17|   0|   17|          0|
    |select_ln215_17_reg_2098  |  10|   0|   10|          0|
    |select_ln215_19_reg_2103  |  10|   0|   10|          0|
    |select_ln50_2_reg_2193    |  17|   0|   17|          0|
    |select_ln65_6_reg_2046    |  16|   0|   16|          0|
    |select_ln65_7_reg_2052    |  16|   0|   16|          0|
    |sext_ln244_reg_2204       |  26|   0|   26|          0|
    |tmp_42_reg_2176           |   1|   0|    1|          0|
    |tmp_43_reg_2187           |   1|   0|    1|          0|
    |trunc_ln244_1_reg_2214    |  16|   0|   16|          0|
    |trunc_ln244_2_reg_2219    |  16|   0|   16|          0|
    |trunc_ln244_3_reg_2224    |  16|   0|   16|          0|
    |trunc_ln244_4_reg_2229    |  16|   0|   16|          0|
    |trunc_ln244_5_reg_2234    |  16|   0|   16|          0|
    |trunc_ln244_6_reg_2239    |  16|   0|   16|          0|
    |trunc_ln244_7_reg_2244    |  16|   0|   16|          0|
    |trunc_ln244_8_reg_2249    |  16|   0|   16|          0|
    |trunc_ln2_reg_2209        |  16|   0|   16|          0|
    +--------------------------+----+----+-----+-----------+
    |Total                     | 606|   0|  606|          0|
    +--------------------------+----+----+-----+-----------+



================================================================
== Interface
================================================================
* Summary: 
+---------------------+-----+-----+------------+------------------------------------------------------------------------+--------------+
|      RTL Ports      | Dir | Bits|  Protocol  |                              Source Object                             |    C Type    |
+---------------------+-----+-----+------------+------------------------------------------------------------------------+--------------+
|ap_clk               |   in|    1|  ap_ctrl_hs|  softmax_stable<array,array<ap_fixed<16,6,5,3,0>,10u>,softmax_config12>|  return value|
|ap_rst               |   in|    1|  ap_ctrl_hs|  softmax_stable<array,array<ap_fixed<16,6,5,3,0>,10u>,softmax_config12>|  return value|
|ap_start             |   in|    1|  ap_ctrl_hs|  softmax_stable<array,array<ap_fixed<16,6,5,3,0>,10u>,softmax_config12>|  return value|
|ap_done              |  out|    1|  ap_ctrl_hs|  softmax_stable<array,array<ap_fixed<16,6,5,3,0>,10u>,softmax_config12>|  return value|
|ap_idle              |  out|    1|  ap_ctrl_hs|  softmax_stable<array,array<ap_fixed<16,6,5,3,0>,10u>,softmax_config12>|  return value|
|ap_ready             |  out|    1|  ap_ctrl_hs|  softmax_stable<array,array<ap_fixed<16,6,5,3,0>,10u>,softmax_config12>|  return value|
|layer11_out_dout     |   in|  160|     ap_fifo|                                                             layer11_out|       pointer|
|layer11_out_empty_n  |   in|    1|     ap_fifo|                                                             layer11_out|       pointer|
|layer11_out_read     |  out|    1|     ap_fifo|                                                             layer11_out|       pointer|
|layer12_out_TDATA    |  out|  160|        axis|                                                             layer12_out|       pointer|
|layer12_out_TVALID   |  out|    1|        axis|                                                             layer12_out|       pointer|
|layer12_out_TREADY   |   in|    1|        axis|                                                             layer12_out|       pointer|
+---------------------+-----+-----+------------+------------------------------------------------------------------------+--------------+

